 INFO  Accepting connections at http://localhost:3000
 HTTP  9/12/2026 1:33:36 PM ::1 GET /etymology-explorer/
 HTTP  9/12/2026 1:33:36 PM ::1 Returned 200 in 54 ms
 HTTP  9/12/2026 1:33:36 PM ::1 GET /shared/css/cosy-tokens.css
 HTTP  9/12/2026 1:33:36 PM ::1 Returned 200 in 7 ms
 HTTP  9/12/2026 1:33:36 PM ::1 GET /shared/css/tokens.css
 HTTP  9/12/2026 1:33:36 PM ::1 GET /shared/css/motion.css
 HTTP  9/12/2026 1:33:36 PM ::1 GET /_engine/components.css
 HTTP  9/12/2026 1:33:36 PM ::1 GET /shared/css/games.css
 HTTP  9/12/2026 1:33:36 PM ::1 GET /shared/css/cosy-icons.css
 HTTP  9/12/2026 1:33:36 PM ::1 GET /shared/css/nav.css
 HTTP  9/12/2026 1:33:36 PM ::1 Returned 200 in 22 ms
 HTTP  9/12/2026 1:33:36 PM ::1 Returned 200 in 21 ms
 HTTP  9/12/2026 1:33:36 PM ::1 Returned 200 in 21 ms
 HTTP  9/12/2026 1:33:36 PM ::1 Returned 200 in 20 ms
 HTTP  9/12/2026 1:33:36 PM ::1 Returned 200 in 22 ms
 HTTP  9/12/2026 1:33:36 PM ::1 Returned 200 in 23 ms
 HTTP  9/12/2026 1:33:36 PM ::1 GET /shared/styles/game-styles.css
 HTTP  9/12/2026 1:33:36 PM ::1 GET /etymology-explorer/etymology-explorer.css
 HTTP  9/12/2026 1:33:36 PM ::1 GET /shared/utils/game-utils.js
 HTTP  9/12/2026 1:33:36 PM ::1 GET /shared/js/nav.js
 HTTP  9/12/2026 1:33:36 PM ::1 GET /_engine/view_context.js
 HTTP  9/12/2026 1:33:36 PM ::1 GET /_engine/turn_banner.js
 HTTP  9/12/2026 1:33:36 PM ::1 Returned 200 in 9 ms
 HTTP  9/12/2026 1:33:36 PM ::1 Returned 200 in 8 ms
 HTTP  9/12/2026 1:33:36 PM ::1 Returned 200 in 8 ms
 HTTP  9/12/2026 1:33:36 PM ::1 Returned 200 in 7 ms
 HTTP  9/12/2026 1:33:36 PM ::1 Returned 200 in 8 ms
 HTTP  9/12/2026 1:33:36 PM ::1 Returned 200 in 8 ms
 HTTP  9/12/2026 1:33:36 PM ::1 GET /_engine/score_dial.js
 HTTP  9/12/2026 1:33:36 PM ::1 GET /_engine/buzzer_button.js
 HTTP  9/12/2026 1:33:36 PM ::1 Returned 200 in 7 ms
 HTTP  9/12/2026 1:33:36 PM ::1 Returned 200 in 6 ms
 HTTP  9/12/2026 1:33:36 PM ::1 GET /_engine/components.js
 HTTP  9/12/2026 1:33:36 PM ::1 GET /_engine/game_session.js
 HTTP  9/12/2026 1:33:36 PM ::1 GET /_engine/scores.js
 HTTP  9/12/2026 1:33:36 PM ::1 GET /_engine/loader.js
 HTTP  9/12/2026 1:33:36 PM ::1 GET /etymology-explorer/game.js
 HTTP  9/12/2026 1:33:36 PM ::1 Returned 200 in 5 ms
 HTTP  9/12/2026 1:33:36 PM ::1 Returned 200 in 5 ms
 HTTP  9/12/2026 1:33:36 PM ::1 Returned 200 in 4 ms
 HTTP  9/12/2026 1:33:36 PM ::1 Returned 200 in 5 ms
 HTTP  9/12/2026 1:33:36 PM ::1 Returned 200 in 5 ms
 HTTP  9/12/2026 1:33:36 PM ::1 GET /data/de/game_data.js
 HTTP  9/12/2026 1:33:36 PM ::1 Returned 200 in 2 ms
 HTTP  9/12/2026 1:33:36 PM ::1 GET /data/universal.js
 HTTP  9/12/2026 1:33:36 PM ::1 Returned 200 in 13 ms
 HTTP  9/12/2026 1:33:43 PM ::1 GET /etymology-explorer/
 HTTP  9/12/2026 1:33:43 PM ::1 Returned 304 in 1 ms
 HTTP  9/12/2026 1:33:43 PM ::1 GET /shared/css/cosy-tokens.css
 HTTP  9/12/2026 1:33:43 PM ::1 GET /shared/css/tokens.css
 HTTP  9/12/2026 1:33:43 PM ::1 Returned 304 in 8 ms
 HTTP  9/12/2026 1:33:43 PM ::1 GET /shared/css/motion.css
 HTTP  9/12/2026 1:33:43 PM ::1 GET /_engine/components.css
 HTTP  9/12/2026 1:33:43 PM ::1 GET /shared/css/games.css
 HTTP  9/12/2026 1:33:43 PM ::1 GET /shared/css/cosy-icons.css
 HTTP  9/12/2026 1:33:43 PM ::1 Returned 304 in 5 ms
 HTTP  9/12/2026 1:33:43 PM ::1 Returned 304 in 5 ms
 HTTP  9/12/2026 1:33:43 PM ::1 Returned 304 in 8 ms
 HTTP  9/12/2026 1:33:43 PM ::1 Returned 304 in 7 ms
 HTTP  9/12/2026 1:33:43 PM ::1 GET /shared/css/nav.css
 HTTP  9/12/2026 1:33:43 PM ::1 Returned 304 in 7 ms
 HTTP  9/12/2026 1:33:43 PM ::1 Returned 304 in 2 ms
 HTTP  9/12/2026 1:33:43 PM ::1 GET /shared/styles/game-styles.css
 HTTP  9/12/2026 1:33:43 PM ::1 GET /etymology-explorer/etymology-explorer.css
 HTTP  9/12/2026 1:33:43 PM ::1 Returned 304 in 2 ms
 HTTP  9/12/2026 1:33:43 PM ::1 Returned 304 in 2 ms
 HTTP  9/12/2026 1:33:43 PM ::1 GET /shared/utils/game-utils.js
 HTTP  9/12/2026 1:33:43 PM ::1 GET /shared/js/nav.js
 HTTP  9/12/2026 1:33:43 PM ::1 GET /_engine/view_context.js
 HTTP  9/12/2026 1:33:43 PM ::1 GET /_engine/turn_banner.js
 HTTP  9/12/2026 1:33:43 PM ::1 GET /_engine/score_dial.js
 HTTP  9/12/2026 1:33:43 PM ::1 GET /_engine/buzzer_button.js
 HTTP  9/12/2026 1:33:43 PM ::1 Returned 304 in 5 ms
 HTTP  9/12/2026 1:33:43 PM ::1 Returned 304 in 5 ms
 HTTP  9/12/2026 1:33:43 PM ::1 Returned 304 in 4 ms
 HTTP  9/12/2026 1:33:43 PM ::1 Returned 304 in 5 ms
 HTTP  9/12/2026 1:33:43 PM ::1 Returned 304 in 5 ms
 HTTP  9/12/2026 1:33:43 PM ::1 Returned 304 in 6 ms
 HTTP  9/12/2026 1:33:43 PM ::1 GET /_engine/components.js
 HTTP  9/12/2026 1:33:43 PM ::1 GET /_engine/game_session.js
 HTTP  9/12/2026 1:33:43 PM ::1 GET /_engine/scores.js
 HTTP  9/12/2026 1:33:43 PM ::1 GET /_engine/loader.js
 HTTP  9/12/2026 1:33:43 PM ::1 GET /etymology-explorer/game.js
 HTTP  9/12/2026 1:33:43 PM ::1 Returned 304 in 4 ms
 HTTP  9/12/2026 1:33:43 PM ::1 Returned 304 in 4 ms
 HTTP  9/12/2026 1:33:43 PM ::1 Returned 304 in 4 ms
 HTTP  9/12/2026 1:33:43 PM ::1 Returned 304 in 3 ms
 HTTP  9/12/2026 1:33:43 PM ::1 Returned 304 in 3 ms
 HTTP  9/12/2026 1:33:44 PM ::1 GET /data/it/game_data.js
 HTTP  9/12/2026 1:33:44 PM ::1 GET /data/universal.js
 HTTP  9/12/2026 1:33:44 PM ::1 Returned 304 in 1 ms
 HTTP  9/12/2026 1:33:44 PM ::1 Returned 200 in 4 ms
 HTTP  9/12/2026 1:33:51 PM ::1 GET /etymology-explorer/
 HTTP  9/12/2026 1:33:51 PM ::1 Returned 304 in 1 ms
 HTTP  9/12/2026 1:33:51 PM ::1 GET /shared/css/cosy-tokens.css
 HTTP  9/12/2026 1:33:51 PM ::1 Returned 304 in 1 ms
 HTTP  9/12/2026 1:33:51 PM ::1 GET /_engine/components.css
 HTTP  9/12/2026 1:33:51 PM ::1 Returned 304 in 1 ms
 HTTP  9/12/2026 1:33:51 PM ::1 GET /shared/css/tokens.css
 HTTP  9/12/2026 1:33:51 PM ::1 Returned 304 in 1 ms
 HTTP  9/12/2026 1:33:51 PM ::1 GET /shared/css/motion.css
 HTTP  9/12/2026 1:33:51 PM ::1 GET /shared/css/games.css
 HTTP  9/12/2026 1:33:51 PM ::1 GET /shared/css/cosy-icons.css
 HTTP  9/12/2026 1:33:51 PM ::1 Returned 304 in 2 ms
 HTTP  9/12/2026 1:33:51 PM ::1 Returned 304 in 1 ms
 HTTP  9/12/2026 1:33:51 PM ::1 Returned 304 in 1 ms
 HTTP  9/12/2026 1:33:51 PM ::1 GET /shared/css/nav.css
 HTTP  9/12/2026 1:33:51 PM ::1 Returned 304 in 1 ms
 HTTP  9/12/2026 1:33:51 PM ::1 GET /shared/styles/game-styles.css
 HTTP  9/12/2026 1:33:51 PM ::1 Returned 304 in 0 ms
 HTTP  9/12/2026 1:33:51 PM ::1 GET /etymology-explorer/etymology-explorer.css
 HTTP  9/12/2026 1:33:51 PM ::1 GET /shared/utils/game-utils.js
 HTTP  9/12/2026 1:33:51 PM ::1 Returned 304 in 1 ms
 HTTP  9/12/2026 1:33:51 PM ::1 Returned 304 in 0 ms
 HTTP  9/12/2026 1:33:51 PM ::1 GET /shared/js/nav.js
 HTTP  9/12/2026 1:33:51 PM ::1 GET /_engine/view_context.js
 HTTP  9/12/2026 1:33:51 PM ::1 GET /_engine/turn_banner.js
 HTTP  9/12/2026 1:33:51 PM ::1 GET /_engine/score_dial.js
 HTTP  9/12/2026 1:33:51 PM ::1 Returned 304 in 1 ms
 HTTP  9/12/2026 1:33:51 PM ::1 Returned 304 in 1 ms
 HTTP  9/12/2026 1:33:51 PM ::1 Returned 304 in 2 ms
 HTTP  9/12/2026 1:33:51 PM ::1 Returned 304 in 2 ms
 HTTP  9/12/2026 1:33:51 PM ::1 GET /_engine/buzzer_button.js
 HTTP  9/12/2026 1:33:51 PM ::1 GET /_engine/components.js
 HTTP  9/12/2026 1:33:51 PM ::1 Returned 304 in 1 ms
 HTTP  9/12/2026 1:33:51 PM ::1 Returned 304 in 1 ms
 HTTP  9/12/2026 1:33:51 PM ::1 GET /_engine/game_session.js
 HTTP  9/12/2026 1:33:51 PM ::1 Returned 304 in 2 ms
 HTTP  9/12/2026 1:33:51 PM ::1 GET /_engine/scores.js
 HTTP  9/12/2026 1:33:51 PM ::1 GET /_engine/loader.js
 HTTP  9/12/2026 1:33:51 PM ::1 GET /etymology-explorer/game.js
 HTTP  9/12/2026 1:33:51 PM ::1 Returned 304 in 12 ms
 HTTP  9/12/2026 1:33:51 PM ::1 Returned 304 in 12 ms
 HTTP  9/12/2026 1:33:51 PM ::1 Returned 304 in 12 ms
 HTTP  9/12/2026 1:33:51 PM ::1 GET /data/pt/game_data.js
 HTTP  9/12/2026 1:33:51 PM ::1 GET /data/universal.js
 HTTP  9/12/2026 1:33:51 PM ::1 Returned 304 in 1 ms
 HTTP  9/12/2026 1:33:51 PM ::1 Returned 200 in 7 ms
 HTTP  9/12/2026 1:33:58 PM ::1 GET /etymology-explorer/
 HTTP  9/12/2026 1:33:58 PM ::1 Returned 304 in 1 ms
 HTTP  9/12/2026 1:33:58 PM ::1 GET /shared/css/cosy-tokens.css
 HTTP  9/12/2026 1:33:58 PM ::1 GET /shared/css/tokens.css
 HTTP  9/12/2026 1:33:58 PM ::1 GET /shared/css/motion.css
 HTTP  9/12/2026 1:33:58 PM ::1 Returned 304 in 5 ms
 HTTP  9/12/2026 1:33:58 PM ::1 Returned 304 in 1 ms
 HTTP  9/12/2026 1:33:58 PM ::1 Returned 304 in 1 ms
 HTTP  9/12/2026 1:33:58 PM ::1 GET /shared/css/games.css
 HTTP  9/12/2026 1:33:58 PM ::1 GET /shared/css/cosy-icons.css
 HTTP  9/12/2026 1:33:58 PM ::1 GET /shared/css/nav.css
 HTTP  9/12/2026 1:33:58 PM ::1 GET /_engine/components.css
 HTTP  9/12/2026 1:33:58 PM ::1 Returned 304 in 2 ms
 HTTP  9/12/2026 1:33:58 PM ::1 Returned 304 in 1 ms
 HTTP  9/12/2026 1:33:58 PM ::1 Returned 304 in 1 ms
 HTTP  9/12/2026 1:33:58 PM ::1 Returned 304 in 2 ms
 HTTP  9/12/2026 1:33:58 PM ::1 GET /shared/styles/game-styles.css
 HTTP  9/12/2026 1:33:58 PM ::1 Returned 304 in 1 ms
 HTTP  9/12/2026 1:33:58 PM ::1 GET /etymology-explorer/etymology-explorer.css
 HTTP  9/12/2026 1:33:58 PM ::1 Returned 304 in 1 ms
 HTTP  9/12/2026 1:33:58 PM ::1 GET /shared/utils/game-utils.js
 HTTP  9/12/2026 1:33:58 PM ::1 GET /shared/js/nav.js
 HTTP  9/12/2026 1:33:58 PM ::1 Returned 304 in 1 ms
 HTTP  9/12/2026 1:33:58 PM ::1 Returned 304 in 1 ms
 HTTP  9/12/2026 1:33:58 PM ::1 GET /_engine/view_context.js
 HTTP  9/12/2026 1:33:58 PM ::1 GET /_engine/turn_banner.js
 HTTP  9/12/2026 1:33:58 PM ::1 GET /_engine/score_dial.js
 HTTP  9/12/2026 1:33:58 PM ::1 GET /_engine/buzzer_button.js
 HTTP  9/12/2026 1:33:58 PM ::1 GET /_engine/components.js
 HTTP  9/12/2026 1:33:58 PM ::1 GET /_engine/game_session.js
 HTTP  9/12/2026 1:33:58 PM ::1 Returned 304 in 2 ms
 HTTP  9/12/2026 1:33:58 PM ::1 Returned 304 in 3 ms
 HTTP  9/12/2026 1:33:58 PM ::1 Returned 304 in 3 ms
 HTTP  9/12/2026 1:33:58 PM ::1 Returned 304 in 3 ms
 HTTP  9/12/2026 1:33:58 PM ::1 Returned 304 in 3 ms
 HTTP  9/12/2026 1:33:58 PM ::1 Returned 304 in 4 ms
 HTTP  9/12/2026 1:33:58 PM ::1 GET /_engine/scores.js
 HTTP  9/12/2026 1:33:58 PM ::1 GET /_engine/loader.js
 HTTP  9/12/2026 1:33:58 PM ::1 GET /etymology-explorer/game.js
 HTTP  9/12/2026 1:33:58 PM ::1 Returned 304 in 2 ms
 HTTP  9/12/2026 1:33:58 PM ::1 Returned 304 in 1 ms
 HTTP  9/12/2026 1:33:58 PM ::1 Returned 304 in 2 ms
 HTTP  9/12/2026 1:33:58 PM ::1 GET /data/el/game_data.js
 HTTP  9/12/2026 1:33:58 PM ::1 GET /data/universal.js
 HTTP  9/12/2026 1:33:58 PM ::1 Returned 304 in 3 ms
 HTTP  9/12/2026 1:33:58 PM ::1 Returned 200 in 7 ms
 HTTP  9/12/2026 1:34:05 PM ::1 GET /etymology-explorer/
 HTTP  9/12/2026 1:34:05 PM ::1 Returned 304 in 1 ms
 HTTP  9/12/2026 1:34:05 PM ::1 GET /shared/css/cosy-tokens.css
 HTTP  9/12/2026 1:34:05 PM ::1 Returned 304 in 1 ms
 HTTP  9/12/2026 1:34:05 PM ::1 GET /shared/css/motion.css
 HTTP  9/12/2026 1:34:05 PM ::1 GET /shared/css/tokens.css
 HTTP  9/12/2026 1:34:05 PM ::1 Returned 304 in 2 ms
 HTTP  9/12/2026 1:34:05 PM ::1 Returned 304 in 1 ms
 HTTP  9/12/2026 1:34:05 PM ::1 GET /_engine/components.css
 HTTP  9/12/2026 1:34:05 PM ::1 Returned 304 in 1 ms
 HTTP  9/12/2026 1:34:05 PM ::1 GET /shared/css/games.css
 HTTP  9/12/2026 1:34:05 PM ::1 GET /shared/css/cosy-icons.css
 HTTP  9/12/2026 1:34:05 PM ::1 GET /shared/css/nav.css
 HTTP  9/12/2026 1:34:05 PM ::1 GET /shared/styles/game-styles.css
 HTTP  9/12/2026 1:34:05 PM ::1 GET /etymology-explorer/etymology-explorer.css
 HTTP  9/12/2026 1:34:05 PM ::1 GET /shared/utils/game-utils.js
 HTTP  9/12/2026 1:34:05 PM ::1 Returned 304 in 3 ms
 HTTP  9/12/2026 1:34:05 PM ::1 Returned 304 in 2 ms
 HTTP  9/12/2026 1:34:05 PM ::1 Returned 304 in 3 ms
 HTTP  9/12/2026 1:34:05 PM ::1 Returned 304 in 3 ms
 HTTP  9/12/2026 1:34:05 PM ::1 Returned 304 in 3 ms
 HTTP  9/12/2026 1:34:05 PM ::1 Returned 304 in 3 ms
 HTTP  9/12/2026 1:34:05 PM ::1 GET /shared/js/nav.js
 HTTP  9/12/2026 1:34:05 PM ::1 GET /_engine/view_context.js
 HTTP  9/12/2026 1:34:05 PM ::1 GET /_engine/turn_banner.js
 HTTP  9/12/2026 1:34:05 PM ::1 GET /_engine/score_dial.js
 HTTP  9/12/2026 1:34:05 PM ::1 GET /_engine/buzzer_button.js
 HTTP  9/12/2026 1:34:05 PM ::1 GET /_engine/components.js
 HTTP  9/12/2026 1:34:05 PM ::1 Returned 304 in 3 ms
 HTTP  9/12/2026 1:34:05 PM ::1 Returned 304 in 2 ms
 HTTP  9/12/2026 1:34:05 PM ::1 Returned 304 in 3 ms
 HTTP  9/12/2026 1:34:05 PM ::1 Returned 304 in 3 ms
 HTTP  9/12/2026 1:34:05 PM ::1 Returned 304 in 3 ms
 HTTP  9/12/2026 1:34:05 PM ::1 Returned 304 in 3 ms
 HTTP  9/12/2026 1:34:05 PM ::1 GET /_engine/game_session.js
 HTTP  9/12/2026 1:34:05 PM ::1 GET /_engine/scores.js
 HTTP  9/12/2026 1:34:05 PM ::1 GET /_engine/loader.js
 HTTP  9/12/2026 1:34:05 PM ::1 GET /etymology-explorer/game.js
 HTTP  9/12/2026 1:34:05 PM ::1 Returned 304 in 2 ms
 HTTP  9/12/2026 1:34:05 PM ::1 Returned 304 in 1 ms
 HTTP  9/12/2026 1:34:05 PM ::1 Returned 304 in 1 ms
 HTTP  9/12/2026 1:34:05 PM ::1 Returned 304 in 4 ms
 HTTP  9/12/2026 1:34:05 PM ::1 GET /data/ru/game_data.js
 HTTP  9/12/2026 1:34:05 PM ::1 GET /data/universal.js
 HTTP  9/12/2026 1:34:05 PM ::1 Returned 304 in 2 ms
 HTTP  9/12/2026 1:34:05 PM ::1 Returned 200 in 5 ms
 HTTP  9/12/2026 1:34:12 PM ::1 GET /etymology-explorer/
 HTTP  9/12/2026 1:34:12 PM ::1 Returned 304 in 1 ms
 HTTP  9/12/2026 1:34:12 PM ::1 GET /shared/css/cosy-tokens.css
 HTTP  9/12/2026 1:34:12 PM ::1 Returned 304 in 1 ms
 HTTP  9/12/2026 1:34:12 PM ::1 GET /shared/css/cosy-icons.css
 HTTP  9/12/2026 1:34:12 PM ::1 GET /shared/css/tokens.css
 HTTP  9/12/2026 1:34:12 PM ::1 GET /shared/css/motion.css
 HTTP  9/12/2026 1:34:12 PM ::1 GET /_engine/components.css
 HTTP  9/12/2026 1:34:12 PM ::1 GET /shared/css/games.css
 HTTP  9/12/2026 1:34:12 PM ::1 Returned 304 in 2 ms
 HTTP  9/12/2026 1:34:12 PM ::1 Returned 304 in 2 ms
 HTTP  9/12/2026 1:34:12 PM ::1 Returned 304 in 3 ms
 HTTP  9/12/2026 1:34:12 PM ::1 Returned 304 in 3 ms
 HTTP  9/12/2026 1:34:12 PM ::1 GET /shared/css/nav.css
 HTTP  9/12/2026 1:34:12 PM ::1 Returned 304 in 3 ms
 HTTP  9/12/2026 1:34:12 PM ::1 Returned 304 in 2 ms
 HTTP  9/12/2026 1:34:12 PM ::1 GET /shared/styles/game-styles.css
 HTTP  9/12/2026 1:34:12 PM ::1 GET /etymology-explorer/etymology-explorer.css
 HTTP  9/12/2026 1:34:12 PM ::1 GET /shared/utils/game-utils.js
 HTTP  9/12/2026 1:34:12 PM ::1 GET /shared/js/nav.js
 HTTP  9/12/2026 1:34:12 PM ::1 GET /_engine/view_context.js
 HTTP  9/12/2026 1:34:12 PM ::1 GET /_engine/turn_banner.js
 HTTP  9/12/2026 1:34:12 PM ::1 Returned 304 in 3 ms
 HTTP  9/12/2026 1:34:12 PM ::1 Returned 304 in 2 ms
 HTTP  9/12/2026 1:34:12 PM ::1 Returned 304 in 3 ms
 HTTP  9/12/2026 1:34:12 PM ::1 Returned 304 in 2 ms
 HTTP  9/12/2026 1:34:12 PM ::1 Returned 304 in 3 ms
 HTTP  9/12/2026 1:34:12 PM ::1 Returned 304 in 3 ms
 HTTP  9/12/2026 1:34:12 PM ::1 GET /_engine/score_dial.js
 HTTP  9/12/2026 1:34:12 PM ::1 GET /_engine/buzzer_button.js
 HTTP  9/12/2026 1:34:12 PM ::1 GET /_engine/components.js
 HTTP  9/12/2026 1:34:12 PM ::1 GET /_engine/game_session.js
 HTTP  9/12/2026 1:34:12 PM ::1 GET /_engine/scores.js
 HTTP  9/12/2026 1:34:12 PM ::1 GET /_engine/loader.js
 HTTP  9/12/2026 1:34:12 PM ::1 Returned 304 in 2 ms
 HTTP  9/12/2026 1:34:12 PM ::1 Returned 304 in 3 ms
 HTTP  9/12/2026 1:34:12 PM ::1 Returned 304 in 2 ms
 HTTP  9/12/2026 1:34:12 PM ::1 Returned 304 in 4 ms
 HTTP  9/12/2026 1:34:12 PM ::1 Returned 304 in 7 ms
 HTTP  9/12/2026 1:34:12 PM ::1 GET /etymology-explorer/game.js
 HTTP  9/12/2026 1:34:12 PM ::1 Returned 304 in 12 ms
 HTTP  9/12/2026 1:34:12 PM ::1 Returned 304 in 1 ms
 HTTP  9/12/2026 1:34:13 PM ::1 GET /data/br/game_data.js
 HTTP  9/12/2026 1:34:13 PM ::1 GET /data/universal.js
 HTTP  9/12/2026 1:34:13 PM ::1 Returned 304 in 7 ms
 HTTP  9/12/2026 1:34:13 PM ::1 Returned 200 in 13 ms

 INFO  Gracefully shutting down. Please wait...
